---
source: cubesql/e2e/tests/mysql.rs
assertion_line: 99
expression: self.print_query_result(&mut response).await

---
+------------+
| database() |
+------------+
| db         |
+------------+
