---
source: cubesql/e2e/tests/mysql.rs
assertion_line: 107
expression: self.print_query_result(&mut response).await

---
+--------------------+
| database()         |
+--------------------+
| information_schema |
+--------------------+
